// Jest Snapshot v1, https://goo.gl/fbAQLP

exports[`SupervisorBargeCoachButtons component enable to disable renders correctly 1`] = `
Object {
  "asFragment": [Function],
  "baseElement": <body>
    <div>
      <div
        class="css-x2lkna"
        data-paste-element="FLEX"
      >
        <div
          class="css-ceamo7"
          data-paste-element="BARGE_COACH_BUTTON_BOX"
        >
          <button
            data-testid="bargeBtn"
            icon="MuteLargeBold"
            style="width: 44px; height: 44px;"
            title="Unmute"
            variant="secondary"
          />
          <button
            disabled=""
            icon="IncomingCallBold"
            style="width: 44px; height: 44px;"
            title="Barge-Out"
            variant="primary"
          />
          <button
            data-testid="coachBtn"
            icon="DefaultAvatarBold"
            style="width: 44px; height: 44px;"
            title="Disable Coach Mode"
            variant="primary"
          />
        </div>
      </div>
    </div>
  </body>,
  "container": <div>
    <div
      class="css-x2lkna"
      data-paste-element="FLEX"
    >
      <div
        class="css-ceamo7"
        data-paste-element="BARGE_COACH_BUTTON_BOX"
      >
        <button
          data-testid="bargeBtn"
          icon="MuteLargeBold"
          style="width: 44px; height: 44px;"
          title="Unmute"
          variant="secondary"
        />
        <button
          disabled=""
          icon="IncomingCallBold"
          style="width: 44px; height: 44px;"
          title="Barge-Out"
          variant="primary"
        />
        <button
          data-testid="coachBtn"
          icon="DefaultAvatarBold"
          style="width: 44px; height: 44px;"
          title="Disable Coach Mode"
          variant="primary"
        />
      </div>
    </div>
  </div>,
  "debug": [Function],
  "findAllByAltText": [Function],
  "findAllByDisplayValue": [Function],
  "findAllByLabelText": [Function],
  "findAllByPlaceholderText": [Function],
  "findAllByRole": [Function],
  "findAllByTestId": [Function],
  "findAllByText": [Function],
  "findAllByTitle": [Function],
  "findByAltText": [Function],
  "findByDisplayValue": [Function],
  "findByLabelText": [Function],
  "findByPlaceholderText": [Function],
  "findByRole": [Function],
  "findByTestId": [Function],
  "findByText": [Function],
  "findByTitle": [Function],
  "getAllByAltText": [Function],
  "getAllByDisplayValue": [Function],
  "getAllByLabelText": [Function],
  "getAllByPlaceholderText": [Function],
  "getAllByRole": [Function],
  "getAllByTestId": [Function],
  "getAllByText": [Function],
  "getAllByTitle": [Function],
  "getByAltText": [Function],
  "getByDisplayValue": [Function],
  "getByLabelText": [Function],
  "getByPlaceholderText": [Function],
  "getByRole": [Function],
  "getByTestId": [Function],
  "getByText": [Function],
  "getByTitle": [Function],
  "queryAllByAltText": [Function],
  "queryAllByDisplayValue": [Function],
  "queryAllByLabelText": [Function],
  "queryAllByPlaceholderText": [Function],
  "queryAllByRole": [Function],
  "queryAllByTestId": [Function],
  "queryAllByText": [Function],
  "queryAllByTitle": [Function],
  "queryByAltText": [Function],
  "queryByDisplayValue": [Function],
  "queryByLabelText": [Function],
  "queryByPlaceholderText": [Function],
  "queryByRole": [Function],
  "queryByTestId": [Function],
  "queryByText": [Function],
  "queryByTitle": [Function],
  "rerender": [Function],
  "unmount": [Function],
}
`;